
> @jacode/frontend@0.1.0 build
> next build

   ??Next.js 14.1.0

   Creating an optimized production build ...
 ??Compiled successfully
   Linting and checking validity of types ...
node.exe : Failed to compile.
위치 줄:1 문자:1
+ & "C:\Program Files\nodejs/node.exe" "C:\
Users\gagag\AppData\Roaming\ ...
+ ~~~~~~~~~~~~~~~~~~~~~~~~~~~~~~~~~~~~~~~~~
~~~~~~~~~~~~~~~~~~~~~~~~~~~~
    + CategoryInfo          : NotSpecified 
   : (Failed to compile.:String) [], Remo  
  teException
    + FullyQualifiedErrorId : NativeComman 
   dError
 

./src/components/admin/ActivityChart.tsx:66
:56
Type error: Argument of type 'string | numb
er' is not assignable to parameter of type 
'string'.
  Type 'number' is not assignable to type '
string'.

[0m [90m 64 |[39m                       
    [33m<[39m[33mdiv[39m className[33m
=[39m[32m"flex flex-col"[39m[33m>[39m
[0m
[0m [90m 65 |[39m                       
      [33m<[39m[33mspan[39m className[
33m=[39m[32m"text-[0.70rem] uppercase tex
t-muted-foreground"[39m[33m>[39m[0m
[0m[31m[1m>[22m[39m[90m 66 |[39m    
                           {label [33m?[3
9m format(parseISO(label)[33m,[39m [32m'
MMM dd, yyyy'[39m) [33m:[39m [32m''[39
m}[0m
[0m [90m    |[39m                       
                                 [31m[1m^
[22m[39m[0m
[0m [90m 67 |[39m                       
      [33m<[39m[33m/[39m[33mspan[39m
[33m>[39m[0m
[0m [90m 68 |[39m                       
      [33m<[39m[33mspan[39m className[
33m=[39m[32m"font-bold text-muted-foregro
und"[39m[33m>[39m[0m
[0m [90m 69 |[39m                       
        {payload[[35m0[39m][33m.[39mval
ue} actions[0m
